// Jest Snapshot v1, https://goo.gl/fbAQLP

exports[`AppComponent matches snapshot 1`] = `null`;
